<?xml version="1.0" encoding="UTF-8"?>
<testsuites name="Using data files" tests="4" time="0.455">
  <testsuite name="POST Request" id="a0a685e3-0ca1-49d6-a402-8eb6059abe06" timestamp="2022-03-16T03:44:53.242Z" tests="1" failures="0" errors="0" time="0.114">
    <testcase name="Response has data value" time="0.076" classname="UsingDataFiles"/>
  </testsuite>
</testsuites>